******************************************************************************
                  TI ARM Linker PC v20.2.6                     
******************************************************************************
>> Linked Wed Sep  7 18:02:10 2022

OUTPUT FILE NAME:   <driver001.out>
ENTRY POINT SYMBOL: "_c_int00_noargs"  address: 00000ba5


MEMORY CONFIGURATION

         name            origin    length      used     unused   attr    fill
----------------------  --------  ---------  --------  --------  ----  --------
  FLASH                 00000000   00040000  00000c6c  0003f394  R  X
  SRAM                  20000000   00008000  00000228  00007dd8  RW X


SEGMENT ALLOCATION MAP

run origin  load origin   length   init length attrs members
----------  ----------- ---------- ----------- ----- -------
00000000    00000000    00000c6c   00000c6c    r-x
  00000000    00000000    0000026c   0000026c    r-- .intvecs
  0000026c    0000026c    000009ec   000009ec    r-x .text
  00000c58    00000c58    00000014   00000014    r-- .cinit
20000000    20000000    00000228   00000000    rw-
  20000000    20000000    00000200   00000000    rw- .stack
  20000200    20000200    00000028   00000000    rw- .bss


SECTION ALLOCATION MAP

 output                                  attributes/
section   page    origin      length       input sections
--------  ----  ----------  ----------   ----------------
.intvecs   0    00000000    0000026c     
                  00000000    0000026c     tm4c123gh6pm_startup_ccs.obj (.intvecs)

.text      0    0000026c    000009ec     
                  0000026c    000007bc     SCB.obj (.text)
                  00000a28    00000078     main.obj (.text)
                  00000aa0    00000074     NVIC.obj (.text:Enable_Bits_For_PRI0)
                  00000b14    0000004c     NVIC.obj (.text:Enable_bits)
                  00000b60    00000044     rtsv7M4_T_le_v4SPD16_eabi.lib : autoinit.c.obj (.text:__TI_auto_init_nobinit_nopinit:__TI_auto_init_nobinit_nopinit)
                  00000ba4    00000034                                   : boot_cortex_m.c.obj (.text:_c_int00_noargs:_c_int00_noargs)
                  00000bd8    00000028     NVIC.obj (.text:Disable_Off_Registers_PRI0)
                  00000c00    0000001c     rtsv7M4_T_le_v4SPD16_eabi.lib : copy_zero_init.c.obj (.text:decompress:ZI:__TI_zero_init_nomemset:__TI_zero_init_nomemset)
                  00000c1c    00000012     tm4c123gh6pm_startup_ccs.obj (.text)
                  00000c2e    00000002     --HOLE-- [fill = 0]
                  00000c30    00000010     NVIC.obj (.text:Interrupt_Disable)
                  00000c40    00000010     NVIC.obj (.text:Interrupt_Enable)
                  00000c50    00000004     rtsv7M4_T_le_v4SPD16_eabi.lib : pre_init.c.obj (.text:_system_pre_init)
                  00000c54    00000004                                   : exit.c.obj (.text:abort:abort)

.cinit     0    00000c58    00000014     
                  00000c58    00000008     (.cinit..bss.load) [load image, compression = zero_init]
                  00000c60    00000004     (__TI_handler_table)
                  00000c64    00000008     (__TI_cinit_table)

.init_array 
*          0    00000000    00000000     UNINITIALIZED

.bss       0    20000200    00000028     UNINITIALIZED
                  20000200    00000020     (.common:SCB_pu32Context)
                  20000220    00000008     main.obj (.bss)

.stack     0    20000000    00000200     UNINITIALIZED
                  20000000    00000004     rtsv7M4_T_le_v4SPD16_eabi.lib : boot_cortex_m.c.obj (.stack)
                  20000004    000001fc     --HOLE--

__llvm_prf_cnts 
*          0    20000000    00000000     UNINITIALIZED

MODULE SUMMARY

       Module                         code   ro data   rw data
       ------                         ----   -------   -------
    .\
       SCB.obj                        1980   0         32     
       tm4c123gh6pm_startup_ccs.obj   18     620       0      
       NVIC.obj                       264    0         0      
       main.obj                       120    0         8      
    +--+------------------------------+------+---------+---------+
       Total:                         2382   620       40     
                                                              
    C:\ti\ccs1200\ccs\tools\compiler\ti-cgt-arm_20.2.6.LTS\lib\rtsv7M4_T_le_v4SPD16_eabi.lib
       autoinit.c.obj                 68     0         0      
       boot_cortex_m.c.obj            52     0         0      
       copy_zero_init.c.obj           28     0         0      
       exit.c.obj                     4      0         0      
       pre_init.c.obj                 4      0         0      
    +--+------------------------------+------+---------+---------+
       Total:                         156    0         0      
                                                              
       Stack:                         0      0         512    
       Linker Generated:              0      20        0      
    +--+------------------------------+------+---------+---------+
       Grand Total:                   2538   640       552    


LINKER GENERATED COPY TABLES

__TI_cinit_table @ 00000c64 records: 1, size/record: 8, table size: 8
	.bss: load addr=00000c58, load size=00000008 bytes, run addr=20000200, run size=00000028 bytes, compression=zero_init


LINKER GENERATED HANDLER TABLE

__TI_handler_table @ 00000c60 records: 1, size/record: 4, table size: 4
	index: 0, handler: __TI_zero_init


GLOBAL SYMBOLS: SORTED ALPHABETICALLY BY Name 

address   name                          
-------   ----                          
00000881  BusFaultISR                   
00000c55  C$$EXIT                       
00000bd9  Disable_Off_Registers_PRI0    
00000aa1  Enable_Bits_For_PRI0          
00000b15  Enable_bits                   
00000989  HardFaultISR                  
00000c31  Interrupt_Disable             
00000c41  Interrupt_Enable              
00000909  MemoryFaultISR                
00000805  NMIISR                        
00000807  PendSVISR                     
00000c1d  ResetISR                      
0000077b  SCB_BusFault__enGetPending    
0000061d  SCB_BusFault__enGetPriority   
00000719  SCB_DEBUG__enGetPriority      
000002c9  SCB_ISR__enGetPendingState    
00000325  SCB_ISR__enGetVectorActive    
000002f7  SCB_ISR__enGetVectorPending   
000007a9  SCB_MemoryFault__enGetPending 
0000064b  SCB_MemoryFault__enGetPriority
0000026d  SCB_PENDSV__enGetPending      
000006eb  SCB_PENDSV__enGetPriority     
0000074d  SCB_SVCall__enGetPending      
00000681  SCB_SVCall__enGetPriority     
0000029b  SCB_SysTick__enGetPending     
000006bd  SCB_SysTick__enGetPriority    
000007d7  SCB_UsageFault__enGetPending  
000005ef  SCB_UsageFault__enGetPriority 
000003e3  SCB__enGetPriorityGroup       
00000545  SCB__enGetSLEEPONEXIT         
000004cf  SCB__enGetSleepMode           
000005c1  SCB__enGetStackAligment       
00000459  SCB__enGetWakeUpSource        
00000351  SCB__enSetPriorityGroup       
000004fd  SCB__enSetSLEEPONEXIT         
00000487  SCB__enSetSleepMode           
00000579  SCB__enSetStackAligment       
00000411  SCB__enSetWakeUpSource        
20000200  SCB_pu32Context               
000009b7  SVCallISR                     
0000080d  UsageFaultISR                 
000009b9  WriteRegister                 
20000200  __STACK_END                   
00000200  __STACK_SIZE                  
20000200  __STACK_TOP                   
00000c64  __TI_CINIT_Base               
00000c6c  __TI_CINIT_Limit              
00000c60  __TI_Handler_Table_Base       
00000c64  __TI_Handler_Table_Limit      
00000b61  __TI_auto_init_nobinit_nopinit
ffffffff  __TI_pprof_out_hndl           
ffffffff  __TI_prof_data_size           
ffffffff  __TI_prof_data_start          
00000000  __TI_static_base__            
00000c01  __TI_zero_init_nomemset       
ffffffff  __binit__                     
ffffffff  __c_args__                    
UNDEFED   __mpu_init                    
20000000  __stack                       
20000000  __start___llvm_prf_cnts       
20000000  __stop___llvm_prf_cnts        
00000ba5  _c_int00_noargs               
UNDEFED   _system_post_cinit            
00000c51  _system_pre_init              
00000c55  abort                         
ffffffff  binit                         
00000000  g_pfnVectors                  
00000a29  main                          
00000a69  state_a_function              
00000a79  state_b_function              
00000a89  state_c_function              
00000a5b  state_machine_init            


GLOBAL SYMBOLS: SORTED BY Symbol Address 

address   name                          
-------   ----                          
00000000  __TI_static_base__            
00000000  g_pfnVectors                  
00000200  __STACK_SIZE                  
0000026d  SCB_PENDSV__enGetPending      
0000029b  SCB_SysTick__enGetPending     
000002c9  SCB_ISR__enGetPendingState    
000002f7  SCB_ISR__enGetVectorPending   
00000325  SCB_ISR__enGetVectorActive    
00000351  SCB__enSetPriorityGroup       
000003e3  SCB__enGetPriorityGroup       
00000411  SCB__enSetWakeUpSource        
00000459  SCB__enGetWakeUpSource        
00000487  SCB__enSetSleepMode           
000004cf  SCB__enGetSleepMode           
000004fd  SCB__enSetSLEEPONEXIT         
00000545  SCB__enGetSLEEPONEXIT         
00000579  SCB__enSetStackAligment       
000005c1  SCB__enGetStackAligment       
000005ef  SCB_UsageFault__enGetPriority 
0000061d  SCB_BusFault__enGetPriority   
0000064b  SCB_MemoryFault__enGetPriority
00000681  SCB_SVCall__enGetPriority     
000006bd  SCB_SysTick__enGetPriority    
000006eb  SCB_PENDSV__enGetPriority     
00000719  SCB_DEBUG__enGetPriority      
0000074d  SCB_SVCall__enGetPending      
0000077b  SCB_BusFault__enGetPending    
000007a9  SCB_MemoryFault__enGetPending 
000007d7  SCB_UsageFault__enGetPending  
00000805  NMIISR                        
00000807  PendSVISR                     
0000080d  UsageFaultISR                 
00000881  BusFaultISR                   
00000909  MemoryFaultISR                
00000989  HardFaultISR                  
000009b7  SVCallISR                     
000009b9  WriteRegister                 
00000a29  main                          
00000a5b  state_machine_init            
00000a69  state_a_function              
00000a79  state_b_function              
00000a89  state_c_function              
00000aa1  Enable_Bits_For_PRI0          
00000b15  Enable_bits                   
00000b61  __TI_auto_init_nobinit_nopinit
00000ba5  _c_int00_noargs               
00000bd9  Disable_Off_Registers_PRI0    
00000c01  __TI_zero_init_nomemset       
00000c1d  ResetISR                      
00000c31  Interrupt_Disable             
00000c41  Interrupt_Enable              
00000c51  _system_pre_init              
00000c55  C$$EXIT                       
00000c55  abort                         
00000c60  __TI_Handler_Table_Base       
00000c64  __TI_CINIT_Base               
00000c64  __TI_Handler_Table_Limit      
00000c6c  __TI_CINIT_Limit              
20000000  __stack                       
20000000  __start___llvm_prf_cnts       
20000000  __stop___llvm_prf_cnts        
20000200  SCB_pu32Context               
20000200  __STACK_END                   
20000200  __STACK_TOP                   
ffffffff  __TI_pprof_out_hndl           
ffffffff  __TI_prof_data_size           
ffffffff  __TI_prof_data_start          
ffffffff  __binit__                     
ffffffff  __c_args__                    
ffffffff  binit                         
UNDEFED   __mpu_init                    
UNDEFED   _system_post_cinit            

[72 symbols]
